[2026-05-15 11:51:23] CLIENTS=pqc_client,pqc_client_2,pqc_client_3,pqc_client_4,pqc_client_5,pqc_client_6
[2026-05-15 11:51:23] RUNS_PER_SCENARIO=6 TOTAL_CONN=1002 STATS_INTERVAL=0.2 USE_EXTRACT3=1
[2026-05-15 11:51:23] ---- Aplicando perfil de red P0 ----
[*] Aplicando perfil P0
[*] Perfil P0 (sin degradación)

[*] Estado qdisc en monitor:
qdisc noqueue 0: root refcnt 2 
qdisc noqueue 0: root refcnt 2 
[2026-05-15 11:51:23] === RUN START: classic_p0_balanced_001 ===
[*] Guardando muestras en: results/classic_p0_balanced_001_docker_stats.csv
[*] Ejecutando comando medido: bash -lc ./scripts/run_client_once_rafaga.sh classic_p0_balanced_001 1002; sleep 3
[*] Ráfaga clásica completada: 1002 conexiones en 6 clientes (poisson_jitter)
=== host results ===
-rw-rw-r-- 1 cristian cristian  246492 may 15 11:51 classic_p0_balanced_001_client_err.txt
-rw-rw-r-- 1 cristian cristian   13403 may 15 11:51 classic_p0_balanced_001_client.txt
-rwxr-xr-x 1 cristian cristian    2308 may 15 11:51 classic_p0_balanced_001_docker_stats.csv
-rw-r--r-- 1 cristian cristian   41082 may 15 11:51 classic_p0_balanced_001_pqc_client_2_client_err.txt
-rw-r--r-- 1 cristian cristian       0 may 15 11:51 classic_p0_balanced_001_pqc_client_2_client.txt
-rw-r--r-- 1 cristian cristian      43 may 15 11:51 classic_p0_balanced_001_pqc_client_2_summary.txt
-rw-r--r-- 1 cristian cristian   41082 may 15 11:51 classic_p0_balanced_001_pqc_client_3_client_err.txt
-rw-r--r-- 1 cristian cristian       0 may 15 11:51 classic_p0_balanced_001_pqc_client_3_client.txt
-rw-r--r-- 1 cristian cristian      43 may 15 11:51 classic_p0_balanced_001_pqc_client_3_summary.txt
-rw-r--r-- 1 cristian cristian   41082 may 15 11:51 classic_p0_balanced_001_pqc_client_4_client_err.txt
-rw-r--r-- 1 cristian cristian       0 may 15 11:51 classic_p0_balanced_001_pqc_client_4_client.txt
-rw-r--r-- 1 cristian cristian      43 may 15 11:51 classic_p0_balanced_001_pqc_client_4_summary.txt
-rw-r--r-- 1 cristian cristian   41082 may 15 11:51 classic_p0_balanced_001_pqc_client_5_client_err.txt
-rw-r--r-- 1 cristian cristian       0 may 15 11:51 classic_p0_balanced_001_pqc_client_5_client.txt
-rw-r--r-- 1 cristian cristian      43 may 15 11:51 classic_p0_balanced_001_pqc_client_5_summary.txt
-rw-r--r-- 1 cristian cristian   41082 may 15 11:51 classic_p0_balanced_001_pqc_client_6_client_err.txt
-rw-r--r-- 1 cristian cristian       0 may 15 11:51 classic_p0_balanced_001_pqc_client_6_client.txt
-rw-r--r-- 1 cristian cristian      43 may 15 11:51 classic_p0_balanced_001_pqc_client_6_summary.txt
-rw-r--r-- 1 cristian cristian   41082 may 15 11:51 classic_p0_balanced_001_pqc_client_client_err.txt
-rw-r--r-- 1 cristian cristian       0 may 15 11:51 classic_p0_balanced_001_pqc_client_client.txt
-rw-r--r-- 1 cristian cristian      41 may 15 11:51 classic_p0_balanced_001_pqc_client_summary.txt
-rw-r--r-- 1 cristian cristian     756 may 10 14:26 classic_p0_balanced_001_resource_summary.txt
=== resumen por cliente ===
[*] Perfil poisson_jitter: llegadas no sincronizadas con Poisson+jitter
[*] pqc_client <= plan: 1:0.073316 7:0.073316 13:0.073316 19:0.073316 25:0.073316 31:0.073316 37:0.073316 43:0.073316 49:0.073316 55:0.073316 61:0.073316 67:0.073316 73:0.073316 79:0.073316 85:0.073316 91:0.073316 97:0.073316 103:0.073316 109:0.073316 115:0.073316 121:0.073316 127:0.073316 133:0.073316 139:0.073316 145:0.073316 151:0.073316 157:0.073316 163:0.073316 169:0.038930 175:0.038930 181:0.038930 187:0.038930 193:0.038930 199:0.038930 205:0.038930 211:0.038930 217:0.038930 223:0.038930 229:0.038930 235:0.038930 241:0.038930 247:0.038930 253:0.038930 259:0.038930 265:0.038930 271:0.038930 277:0.038930 283:0.038930 289:0.038930 295:0.038930 301:0.038930 307:0.038930 313:0.038930 319:0.038930 325:0.038930 331:0.038930 337:0.038930 343:0.038930 349:0.028739 355:0.028739 361:0.028739 367:0.028739 373:0.028739 379:0.028739 385:0.028739 391:0.028739 397:0.028739 403:0.028739 409:0.028739 415:0.028739 421:0.028739 427:0.028739 433:0.028739 439:0.028739 445:0.028739 451:0.028739 457:0.028739 463:0.028739 469:0.028739 475:0.028739 481:0.028739 487:0.028739 493:0.028739 499:0.000000 505:0.000000 511:0.000000 517:0.000000 523:0.000000 529:0.000000 535:0.000000 541:0.000000 547:0.000000 553:0.000000 559:0.000000 565:0.000000 571:0.000000 577:0.000000 583:0.000000 589:0.000000 595:0.000000 601:0.000000 607:0.000000 613:0.000000 619:0.000000 625:0.000000 631:0.000000 637:0.000000 643:0.000000 649:0.000000 655:0.000000 661:0.000000 667:0.000000 673:0.077958 679:0.077958 685:0.077958 691:0.077958 697:0.077958 703:0.077958 709:0.077958 715:0.077958 721:0.077958 727:0.077958 733:0.077958 739:0.077958 745:0.077958 751:0.077958 757:0.077958 763:0.077958 769:0.077958 775:0.077958 781:0.077958 787:0.077958 793:0.077958 799:0.077958 805:0.077958 811:0.077958 817:0.077958 823:0.077958 829:0.077958 835:0.077958 841:0.077958 847:0.077958 853:0.077958 859:0.000000 865:0.000000 871:0.000000 877:0.000000 883:0.000000 889:0.000000 895:0.000000 901:0.000000 907:0.000000 913:0.000000 919:0.000000 925:0.000000 931:0.000000 937:0.000000 943:0.000000 949:0.000000 955:0.000000 961:0.000000 967:0.000000 973:0.000000 979:0.000000 985:0.000000 991:0.000000 997:0.000000
[*] pqc_client_2 <= plan: 2:0.073316 8:0.073316 14:0.073316 20:0.073316 26:0.073316 32:0.073316 38:0.073316 44:0.073316 50:0.073316 56:0.073316 62:0.073316 68:0.073316 74:0.073316 80:0.073316 86:0.073316 92:0.073316 98:0.073316 104:0.073316 110:0.073316 116:0.073316 122:0.073316 128:0.073316 134:0.073316 140:0.073316 146:0.073316 152:0.073316 158:0.073316 164:0.073316 170:0.038930 176:0.038930 182:0.038930 188:0.038930 194:0.038930 200:0.038930 206:0.038930 212:0.038930 218:0.038930 224:0.038930 230:0.038930 236:0.038930 242:0.038930 248:0.038930 254:0.038930 260:0.038930 266:0.038930 272:0.038930 278:0.038930 284:0.038930 290:0.038930 296:0.038930 302:0.038930 308:0.038930 314:0.038930 320:0.038930 326:0.038930 332:0.038930 338:0.038930 344:0.038930 350:0.028739 356:0.028739 362:0.028739 368:0.028739 374:0.028739 380:0.028739 386:0.028739 392:0.028739 398:0.028739 404:0.028739 410:0.028739 416:0.028739 422:0.028739 428:0.028739 434:0.028739 440:0.028739 446:0.028739 452:0.028739 458:0.028739 464:0.028739 470:0.028739 476:0.028739 482:0.028739 488:0.028739 494:0.028739 500:0.000000 506:0.000000 512:0.000000 518:0.000000 524:0.000000 530:0.000000 536:0.000000 542:0.000000 548:0.000000 554:0.000000 560:0.000000 566:0.000000 572:0.000000 578:0.000000 584:0.000000 590:0.000000 596:0.000000 602:0.000000 608:0.000000 614:0.000000 620:0.000000 626:0.000000 632:0.000000 638:0.000000 644:0.000000 650:0.000000 656:0.000000 662:0.000000 668:0.077958 674:0.077958 680:0.077958 686:0.077958 692:0.077958 698:0.077958 704:0.077958 710:0.077958 716:0.077958 722:0.077958 728:0.077958 734:0.077958 740:0.077958 746:0.077958 752:0.077958 758:0.077958 764:0.077958 770:0.077958 776:0.077958 782:0.077958 788:0.077958 794:0.077958 800:0.077958 806:0.077958 812:0.077958 818:0.077958 824:0.077958 830:0.077958 836:0.077958 842:0.077958 848:0.077958 854:0.077958 860:0.000000 866:0.000000 872:0.000000 878:0.000000 884:0.000000 890:0.000000 896:0.000000 902:0.000000 908:0.000000 914:0.000000 920:0.000000 926:0.000000 932:0.000000 938:0.000000 944:0.000000 950:0.000000 956:0.000000 962:0.000000 968:0.000000 974:0.000000 980:0.000000 986:0.000000 992:0.000000 998:0.000000
[*] pqc_client_3 <= plan: 3:0.073316 9:0.073316 15:0.073316 21:0.073316 27:0.073316 33:0.073316 39:0.073316 45:0.073316 51:0.073316 57:0.073316 63:0.073316 69:0.073316 75:0.073316 81:0.073316 87:0.073316 93:0.073316 99:0.073316 105:0.073316 111:0.073316 117:0.073316 123:0.073316 129:0.073316 135:0.073316 141:0.073316 147:0.073316 153:0.073316 159:0.073316 165:0.038930 171:0.038930 177:0.038930 183:0.038930 189:0.038930 195:0.038930 201:0.038930 207:0.038930 213:0.038930 219:0.038930 225:0.038930 231:0.038930 237:0.038930 243:0.038930 249:0.038930 255:0.038930 261:0.038930 267:0.038930 273:0.038930 279:0.038930 285:0.038930 291:0.038930 297:0.038930 303:0.038930 309:0.038930 315:0.038930 321:0.038930 327:0.038930 333:0.038930 339:0.038930 345:0.038930 351:0.028739 357:0.028739 363:0.028739 369:0.028739 375:0.028739 381:0.028739 387:0.028739 393:0.028739 399:0.028739 405:0.028739 411:0.028739 417:0.028739 423:0.028739 429:0.028739 435:0.028739 441:0.028739 447:0.028739 453:0.028739 459:0.028739 465:0.028739 471:0.028739 477:0.028739 483:0.028739 489:0.028739 495:0.028739 501:0.000000 507:0.000000 513:0.000000 519:0.000000 525:0.000000 531:0.000000 537:0.000000 543:0.000000 549:0.000000 555:0.000000 561:0.000000 567:0.000000 573:0.000000 579:0.000000 585:0.000000 591:0.000000 597:0.000000 603:0.000000 609:0.000000 615:0.000000 621:0.000000 627:0.000000 633:0.000000 639:0.000000 645:0.000000 651:0.000000 657:0.000000 663:0.000000 669:0.077958 675:0.077958 681:0.077958 687:0.077958 693:0.077958 699:0.077958 705:0.077958 711:0.077958 717:0.077958 723:0.077958 729:0.077958 735:0.077958 741:0.077958 747:0.077958 753:0.077958 759:0.077958 765:0.077958 771:0.077958 777:0.077958 783:0.077958 789:0.077958 795:0.077958 801:0.077958 807:0.077958 813:0.077958 819:0.077958 825:0.077958 831:0.077958 837:0.077958 843:0.077958 849:0.077958 855:0.077958 861:0.000000 867:0.000000 873:0.000000 879:0.000000 885:0.000000 891:0.000000 897:0.000000 903:0.000000 909:0.000000 915:0.000000 921:0.000000 927:0.000000 933:0.000000 939:0.000000 945:0.000000 951:0.000000 957:0.000000 963:0.000000 969:0.000000 975:0.000000 981:0.000000 987:0.000000 993:0.000000 999:0.000000
[*] pqc_client_4 <= plan: 4:0.073316 10:0.073316 16:0.073316 22:0.073316 28:0.073316 34:0.073316 40:0.073316 46:0.073316 52:0.073316 58:0.073316 64:0.073316 70:0.073316 76:0.073316 82:0.073316 88:0.073316 94:0.073316 100:0.073316 106:0.073316 112:0.073316 118:0.073316 124:0.073316 130:0.073316 136:0.073316 142:0.073316 148:0.073316 154:0.073316 160:0.073316 166:0.038930 172:0.038930 178:0.038930 184:0.038930 190:0.038930 196:0.038930 202:0.038930 208:0.038930 214:0.038930 220:0.038930 226:0.038930 232:0.038930 238:0.038930 244:0.038930 250:0.038930 256:0.038930 262:0.038930 268:0.038930 274:0.038930 280:0.038930 286:0.038930 292:0.038930 298:0.038930 304:0.038930 310:0.038930 316:0.038930 322:0.038930 328:0.038930 334:0.038930 340:0.038930 346:0.038930 352:0.028739 358:0.028739 364:0.028739 370:0.028739 376:0.028739 382:0.028739 388:0.028739 394:0.028739 400:0.028739 406:0.028739 412:0.028739 418:0.028739 424:0.028739 430:0.028739 436:0.028739 442:0.028739 448:0.028739 454:0.028739 460:0.028739 466:0.028739 472:0.028739 478:0.028739 484:0.028739 490:0.028739 496:0.028739 502:0.000000 508:0.000000 514:0.000000 520:0.000000 526:0.000000 532:0.000000 538:0.000000 544:0.000000 550:0.000000 556:0.000000 562:0.000000 568:0.000000 574:0.000000 580:0.000000 586:0.000000 592:0.000000 598:0.000000 604:0.000000 610:0.000000 616:0.000000 622:0.000000 628:0.000000 634:0.000000 640:0.000000 646:0.000000 652:0.000000 658:0.000000 664:0.000000 670:0.077958 676:0.077958 682:0.077958 688:0.077958 694:0.077958 700:0.077958 706:0.077958 712:0.077958 718:0.077958 724:0.077958 730:0.077958 736:0.077958 742:0.077958 748:0.077958 754:0.077958 760:0.077958 766:0.077958 772:0.077958 778:0.077958 784:0.077958 790:0.077958 796:0.077958 802:0.077958 808:0.077958 814:0.077958 820:0.077958 826:0.077958 832:0.077958 838:0.077958 844:0.077958 850:0.077958 856:0.000000 862:0.000000 868:0.000000 874:0.000000 880:0.000000 886:0.000000 892:0.000000 898:0.000000 904:0.000000 910:0.000000 916:0.000000 922:0.000000 928:0.000000 934:0.000000 940:0.000000 946:0.000000 952:0.000000 958:0.000000 964:0.000000 970:0.000000 976:0.000000 982:0.000000 988:0.000000 994:0.000000 1000:0.000000
[*] pqc_client_5 <= plan: 5:0.073316 11:0.073316 17:0.073316 23:0.073316 29:0.073316 35:0.073316 41:0.073316 47:0.073316 53:0.073316 59:0.073316 65:0.073316 71:0.073316 77:0.073316 83:0.073316 89:0.073316 95:0.073316 101:0.073316 107:0.073316 113:0.073316 119:0.073316 125:0.073316 131:0.073316 137:0.073316 143:0.073316 149:0.073316 155:0.073316 161:0.073316 167:0.038930 173:0.038930 179:0.038930 185:0.038930 191:0.038930 197:0.038930 203:0.038930 209:0.038930 215:0.038930 221:0.038930 227:0.038930 233:0.038930 239:0.038930 245:0.038930 251:0.038930 257:0.038930 263:0.038930 269:0.038930 275:0.038930 281:0.038930 287:0.038930 293:0.038930 299:0.038930 305:0.038930 311:0.038930 317:0.038930 323:0.038930 329:0.038930 335:0.038930 341:0.038930 347:0.038930 353:0.028739 359:0.028739 365:0.028739 371:0.028739 377:0.028739 383:0.028739 389:0.028739 395:0.028739 401:0.028739 407:0.028739 413:0.028739 419:0.028739 425:0.028739 431:0.028739 437:0.028739 443:0.028739 449:0.028739 455:0.028739 461:0.028739 467:0.028739 473:0.028739 479:0.028739 485:0.028739 491:0.028739 497:0.028739 503:0.000000 509:0.000000 515:0.000000 521:0.000000 527:0.000000 533:0.000000 539:0.000000 545:0.000000 551:0.000000 557:0.000000 563:0.000000 569:0.000000 575:0.000000 581:0.000000 587:0.000000 593:0.000000 599:0.000000 605:0.000000 611:0.000000 617:0.000000 623:0.000000 629:0.000000 635:0.000000 641:0.000000 647:0.000000 653:0.000000 659:0.000000 665:0.000000 671:0.077958 677:0.077958 683:0.077958 689:0.077958 695:0.077958 701:0.077958 707:0.077958 713:0.077958 719:0.077958 725:0.077958 731:0.077958 737:0.077958 743:0.077958 749:0.077958 755:0.077958 761:0.077958 767:0.077958 773:0.077958 779:0.077958 785:0.077958 791:0.077958 797:0.077958 803:0.077958 809:0.077958 815:0.077958 821:0.077958 827:0.077958 833:0.077958 839:0.077958 845:0.077958 851:0.077958 857:0.000000 863:0.000000 869:0.000000 875:0.000000 881:0.000000 887:0.000000 893:0.000000 899:0.000000 905:0.000000 911:0.000000 917:0.000000 923:0.000000 929:0.000000 935:0.000000 941:0.000000 947:0.000000 953:0.000000 959:0.000000 965:0.000000 971:0.000000 977:0.000000 983:0.000000 989:0.000000 995:0.000000 1001:0.000000
[*] pqc_client_6 <= plan: 6:0.073316 12:0.073316 18:0.073316 24:0.073316 30:0.073316 36:0.073316 42:0.073316 48:0.073316 54:0.073316 60:0.073316 66:0.073316 72:0.073316 78:0.073316 84:0.073316 90:0.073316 96:0.073316 102:0.073316 108:0.073316 114:0.073316 120:0.073316 126:0.073316 132:0.073316 138:0.073316 144:0.073316 150:0.073316 156:0.073316 162:0.073316 168:0.038930 174:0.038930 180:0.038930 186:0.038930 192:0.038930 198:0.038930 204:0.038930 210:0.038930 216:0.038930 222:0.038930 228:0.038930 234:0.038930 240:0.038930 246:0.038930 252:0.038930 258:0.038930 264:0.038930 270:0.038930 276:0.038930 282:0.038930 288:0.038930 294:0.038930 300:0.038930 306:0.038930 312:0.038930 318:0.038930 324:0.038930 330:0.038930 336:0.038930 342:0.038930 348:0.028739 354:0.028739 360:0.028739 366:0.028739 372:0.028739 378:0.028739 384:0.028739 390:0.028739 396:0.028739 402:0.028739 408:0.028739 414:0.028739 420:0.028739 426:0.028739 432:0.028739 438:0.028739 444:0.028739 450:0.028739 456:0.028739 462:0.028739 468:0.028739 474:0.028739 480:0.028739 486:0.028739 492:0.028739 498:0.028739 504:0.000000 510:0.000000 516:0.000000 522:0.000000 528:0.000000 534:0.000000 540:0.000000 546:0.000000 552:0.000000 558:0.000000 564:0.000000 570:0.000000 576:0.000000 582:0.000000 588:0.000000 594:0.000000 600:0.000000 606:0.000000 612:0.000000 618:0.000000 624:0.000000 630:0.000000 636:0.000000 642:0.000000 648:0.000000 654:0.000000 660:0.000000 666:0.000000 672:0.077958 678:0.077958 684:0.077958 690:0.077958 696:0.077958 702:0.077958 708:0.077958 714:0.077958 720:0.077958 726:0.077958 732:0.077958 738:0.077958 744:0.077958 750:0.077958 756:0.077958 762:0.077958 768:0.077958 774:0.077958 780:0.077958 786:0.077958 792:0.077958 798:0.077958 804:0.077958 810:0.077958 816:0.077958 822:0.077958 828:0.077958 834:0.077958 840:0.077958 846:0.077958 852:0.077958 858:0.000000 864:0.000000 870:0.000000 876:0.000000 882:0.000000 888:0.000000 894:0.000000 900:0.000000 906:0.000000 912:0.000000 918:0.000000 924:0.000000 930:0.000000 936:0.000000 942:0.000000 948:0.000000 954:0.000000 960:0.000000 966:0.000000 972:0.000000 978:0.000000 984:0.000000 990:0.000000 996:0.000000 1002:0.000000
client=pqc_client total=167 ok=0 err=167
client=pqc_client_2 total=167 ok=0 err=167
client=pqc_client_3 total=167 ok=0 err=167
client=pqc_client_4 total=167 ok=0 err=167
client=pqc_client_5 total=167 ok=0 err=167
client=pqc_client_6 total=167 ok=0 err=167
[*] Resumen guardado en: results/classic_p0_balanced_001_resource_summary.txt
RUN_ID: classic_p0_balanced_001
CSV: results/classic_p0_balanced_001_docker_stats.csv

=== Resumen CPU% y MEM% (avg / max) por contenedor ===
pqc_client_2 -> CPU avg=17.80%, CPU max=88.99%, MEM avg=0.17%, MEM max=0.71%
pqc_client_3 -> CPU avg=16.99%, CPU max=84.94%, MEM avg=0.22%, MEM max=0.99%
pqc_monitor -> CPU avg=0.00%, CPU max=0.00%, MEM avg=0.10%, MEM max=0.10%
pqc_client_4 -> CPU avg=16.98%, CPU max=84.92%, MEM avg=0.28%, MEM max=1.28%
pqc_client_5 -> CPU avg=16.68%, CPU max=83.41%, MEM avg=0.19%, MEM max=0.82%
pqc_server -> CPU avg=0.00%, CPU max=0.00%, MEM avg=0.09%, MEM max=0.09%
pqc_client_6 -> CPU avg=18.73%, CPU max=93.63%, MEM avg=0.21%, MEM max=0.89%
pqc_client -> CPU avg=19.00%, CPU max=95.01%, MEM avg=0.23%, MEM max=0.79%
[ERROR] No se generó PCAP: pcaps/classic_p0_balanced_001.pcap
