[2026-05-15 11:51:59] CLIENTS=pqc_client,pqc_client_2,pqc_client_3,pqc_client_4,pqc_client_5,pqc_client_6
[2026-05-15 11:51:59] RUNS_PER_SCENARIO=6 TOTAL_CONN=1002 STATS_INTERVAL=0.2 USE_EXTRACT3=1
[2026-05-15 11:51:59] ---- Aplicando perfil de red P0 ----
[*] Aplicando perfil P0
[*] Perfil P0 (sin degradación)

[*] Estado qdisc en monitor:
qdisc noqueue 0: root refcnt 2 
qdisc noqueue 0: root refcnt 2 
[2026-05-15 11:51:59] === RUN START: classic_p0_balanced_001 ===
[*] Guardando muestras en: results/classic_p0_balanced_001_docker_stats.csv
[*] Ejecutando comando medido: bash -lc ./scripts/run_client_once_rafaga.sh classic_p0_balanced_001 1002; sleep 3
[*] Ráfaga clásica completada: 1002 conexiones en 6 clientes (poisson_jitter)
=== host results ===
-rw-rw-r-- 1 cristian cristian  301602 may 15 11:52 classic_p0_balanced_001_client_err.txt
-rw-rw-r-- 1 cristian cristian   13403 may 15 11:52 classic_p0_balanced_001_client.txt
-rwxr-xr-x 1 cristian cristian    3206 may 15 11:52 classic_p0_balanced_001_docker_stats.csv
-rw-r--r-- 1 cristian cristian   50267 may 15 11:52 classic_p0_balanced_001_pqc_client_2_client_err.txt
-rw-r--r-- 1 cristian cristian       0 may 15 11:52 classic_p0_balanced_001_pqc_client_2_client.txt
-rw-r--r-- 1 cristian cristian      43 may 15 11:52 classic_p0_balanced_001_pqc_client_2_summary.txt
-rw-r--r-- 1 cristian cristian   50267 may 15 11:52 classic_p0_balanced_001_pqc_client_3_client_err.txt
-rw-r--r-- 1 cristian cristian       0 may 15 11:52 classic_p0_balanced_001_pqc_client_3_client.txt
-rw-r--r-- 1 cristian cristian      43 may 15 11:52 classic_p0_balanced_001_pqc_client_3_summary.txt
-rw-r--r-- 1 cristian cristian   50267 may 15 11:52 classic_p0_balanced_001_pqc_client_4_client_err.txt
-rw-r--r-- 1 cristian cristian       0 may 15 11:52 classic_p0_balanced_001_pqc_client_4_client.txt
-rw-r--r-- 1 cristian cristian      43 may 15 11:52 classic_p0_balanced_001_pqc_client_4_summary.txt
-rw-r--r-- 1 cristian cristian   50267 may 15 11:52 classic_p0_balanced_001_pqc_client_5_client_err.txt
-rw-r--r-- 1 cristian cristian       0 may 15 11:52 classic_p0_balanced_001_pqc_client_5_client.txt
-rw-r--r-- 1 cristian cristian      43 may 15 11:52 classic_p0_balanced_001_pqc_client_5_summary.txt
-rw-r--r-- 1 cristian cristian   50267 may 15 11:52 classic_p0_balanced_001_pqc_client_6_client_err.txt
-rw-r--r-- 1 cristian cristian       0 may 15 11:52 classic_p0_balanced_001_pqc_client_6_client.txt
-rw-r--r-- 1 cristian cristian      43 may 15 11:52 classic_p0_balanced_001_pqc_client_6_summary.txt
-rw-r--r-- 1 cristian cristian   50267 may 15 11:52 classic_p0_balanced_001_pqc_client_client_err.txt
-rw-r--r-- 1 cristian cristian       0 may 15 11:52 classic_p0_balanced_001_pqc_client_client.txt
-rw-r--r-- 1 cristian cristian      41 may 15 11:52 classic_p0_balanced_001_pqc_client_summary.txt
-rw-r--r-- 1 cristian cristian     749 may 15 11:51 classic_p0_balanced_001_resource_summary.txt
=== resumen por cliente ===
[*] Perfil poisson_jitter: llegadas no sincronizadas con Poisson+jitter
[*] pqc_client <= plan: 1:0.084581 7:0.084581 13:0.084581 19:0.084581 25:0.084581 31:0.084581 37:0.084581 43:0.084581 49:0.084581 55:0.084581 61:0.084581 67:0.084581 73:0.084581 79:0.084581 85:0.084581 91:0.084581 97:0.084581 103:0.084581 109:0.084581 115:0.084581 121:0.084581 127:0.084581 133:0.000000 139:0.000000 145:0.000000 151:0.000000 157:0.000000 163:0.000000 169:0.000000 175:0.000000 181:0.000000 187:0.000000 193:0.000000 199:0.000000 205:0.000000 211:0.000000 217:0.000000 223:0.000000 229:0.000000 235:0.000000 241:0.000000 247:0.000000 253:0.000000 259:0.000000 265:0.000000 271:0.000000 277:0.000000 283:0.000000 289:0.000000 295:0.000000 301:0.000000 307:0.000000 313:0.000000 319:0.003118 325:0.003118 331:0.003118 337:0.003118 343:0.003118 349:0.003118 355:0.003118 361:0.003118 367:0.003118 373:0.003118 379:0.003118 385:0.003118 391:0.003118 397:0.003118 403:0.003118 409:0.003118 415:0.003118 421:0.003118 427:0.003118 433:0.003118 439:0.003118 445:0.003118 451:0.003118 457:0.003118 463:0.003118 469:0.003118 475:0.075829 481:0.075829 487:0.075829 493:0.075829 499:0.075829 505:0.075829 511:0.075829 517:0.075829 523:0.075829 529:0.075829 535:0.075829 541:0.075829 547:0.075829 553:0.075829 559:0.075829 565:0.075829 571:0.075829 577:0.075829 583:0.075829 589:0.075829 595:0.075829 601:0.075829 607:0.075829 613:0.075829 619:0.075829 625:0.075829 631:0.063949 637:0.063949 643:0.063949 649:0.063949 655:0.063949 661:0.063949 667:0.063949 673:0.063949 679:0.063949 685:0.063949 691:0.063949 697:0.063949 703:0.063949 709:0.063949 715:0.063949 721:0.063949 727:0.063949 733:0.063949 739:0.063949 745:0.063949 751:0.063949 757:0.063949 763:0.063949 769:0.063949 775:0.063949 781:0.063949 787:0.063949 793:0.063949 799:0.063949 805:0.063949 811:0.063949 817:0.063949 823:0.000000 829:0.000000 835:0.000000 841:0.000000 847:0.000000 853:0.000000 859:0.000000 865:0.000000 871:0.000000 877:0.000000 883:0.000000 889:0.000000 895:0.000000 901:0.000000 907:0.000000 913:0.000000 919:0.000000 925:0.000000 931:0.000000 937:0.000000 943:0.000000 949:0.000000 955:0.000000 961:0.000000 967:0.000000 973:0.000000 979:0.000000 985:0.000000 991:0.000000 997:0.000000
[*] pqc_client_2 <= plan: 2:0.084581 8:0.084581 14:0.084581 20:0.084581 26:0.084581 32:0.084581 38:0.084581 44:0.084581 50:0.084581 56:0.084581 62:0.084581 68:0.084581 74:0.084581 80:0.084581 86:0.084581 92:0.084581 98:0.084581 104:0.084581 110:0.084581 116:0.084581 122:0.084581 128:0.084581 134:0.000000 140:0.000000 146:0.000000 152:0.000000 158:0.000000 164:0.000000 170:0.000000 176:0.000000 182:0.000000 188:0.000000 194:0.000000 200:0.000000 206:0.000000 212:0.000000 218:0.000000 224:0.000000 230:0.000000 236:0.000000 242:0.000000 248:0.000000 254:0.000000 260:0.000000 266:0.000000 272:0.000000 278:0.000000 284:0.000000 290:0.000000 296:0.000000 302:0.000000 308:0.000000 314:0.003118 320:0.003118 326:0.003118 332:0.003118 338:0.003118 344:0.003118 350:0.003118 356:0.003118 362:0.003118 368:0.003118 374:0.003118 380:0.003118 386:0.003118 392:0.003118 398:0.003118 404:0.003118 410:0.003118 416:0.003118 422:0.003118 428:0.003118 434:0.003118 440:0.003118 446:0.003118 452:0.003118 458:0.003118 464:0.003118 470:0.075829 476:0.075829 482:0.075829 488:0.075829 494:0.075829 500:0.075829 506:0.075829 512:0.075829 518:0.075829 524:0.075829 530:0.075829 536:0.075829 542:0.075829 548:0.075829 554:0.075829 560:0.075829 566:0.075829 572:0.075829 578:0.075829 584:0.075829 590:0.075829 596:0.075829 602:0.075829 608:0.075829 614:0.075829 620:0.075829 626:0.075829 632:0.063949 638:0.063949 644:0.063949 650:0.063949 656:0.063949 662:0.063949 668:0.063949 674:0.063949 680:0.063949 686:0.063949 692:0.063949 698:0.063949 704:0.063949 710:0.063949 716:0.063949 722:0.063949 728:0.063949 734:0.063949 740:0.063949 746:0.063949 752:0.063949 758:0.063949 764:0.063949 770:0.063949 776:0.063949 782:0.063949 788:0.063949 794:0.063949 800:0.063949 806:0.063949 812:0.063949 818:0.063949 824:0.000000 830:0.000000 836:0.000000 842:0.000000 848:0.000000 854:0.000000 860:0.000000 866:0.000000 872:0.000000 878:0.000000 884:0.000000 890:0.000000 896:0.000000 902:0.000000 908:0.000000 914:0.000000 920:0.000000 926:0.000000 932:0.000000 938:0.000000 944:0.000000 950:0.000000 956:0.000000 962:0.000000 968:0.000000 974:0.000000 980:0.000000 986:0.000000 992:0.000000 998:0.000000
[*] pqc_client_3 <= plan: 3:0.084581 9:0.084581 15:0.084581 21:0.084581 27:0.084581 33:0.084581 39:0.084581 45:0.084581 51:0.084581 57:0.084581 63:0.084581 69:0.084581 75:0.084581 81:0.084581 87:0.084581 93:0.084581 99:0.084581 105:0.084581 111:0.084581 117:0.084581 123:0.084581 129:0.000000 135:0.000000 141:0.000000 147:0.000000 153:0.000000 159:0.000000 165:0.000000 171:0.000000 177:0.000000 183:0.000000 189:0.000000 195:0.000000 201:0.000000 207:0.000000 213:0.000000 219:0.000000 225:0.000000 231:0.000000 237:0.000000 243:0.000000 249:0.000000 255:0.000000 261:0.000000 267:0.000000 273:0.000000 279:0.000000 285:0.000000 291:0.000000 297:0.000000 303:0.000000 309:0.000000 315:0.003118 321:0.003118 327:0.003118 333:0.003118 339:0.003118 345:0.003118 351:0.003118 357:0.003118 363:0.003118 369:0.003118 375:0.003118 381:0.003118 387:0.003118 393:0.003118 399:0.003118 405:0.003118 411:0.003118 417:0.003118 423:0.003118 429:0.003118 435:0.003118 441:0.003118 447:0.003118 453:0.003118 459:0.003118 465:0.003118 471:0.075829 477:0.075829 483:0.075829 489:0.075829 495:0.075829 501:0.075829 507:0.075829 513:0.075829 519:0.075829 525:0.075829 531:0.075829 537:0.075829 543:0.075829 549:0.075829 555:0.075829 561:0.075829 567:0.075829 573:0.075829 579:0.075829 585:0.075829 591:0.075829 597:0.075829 603:0.075829 609:0.075829 615:0.075829 621:0.075829 627:0.075829 633:0.063949 639:0.063949 645:0.063949 651:0.063949 657:0.063949 663:0.063949 669:0.063949 675:0.063949 681:0.063949 687:0.063949 693:0.063949 699:0.063949 705:0.063949 711:0.063949 717:0.063949 723:0.063949 729:0.063949 735:0.063949 741:0.063949 747:0.063949 753:0.063949 759:0.063949 765:0.063949 771:0.063949 777:0.063949 783:0.063949 789:0.063949 795:0.063949 801:0.063949 807:0.063949 813:0.063949 819:0.000000 825:0.000000 831:0.000000 837:0.000000 843:0.000000 849:0.000000 855:0.000000 861:0.000000 867:0.000000 873:0.000000 879:0.000000 885:0.000000 891:0.000000 897:0.000000 903:0.000000 909:0.000000 915:0.000000 921:0.000000 927:0.000000 933:0.000000 939:0.000000 945:0.000000 951:0.000000 957:0.000000 963:0.000000 969:0.000000 975:0.000000 981:0.000000 987:0.000000 993:0.000000 999:0.000000
[*] pqc_client_4 <= plan: 4:0.084581 10:0.084581 16:0.084581 22:0.084581 28:0.084581 34:0.084581 40:0.084581 46:0.084581 52:0.084581 58:0.084581 64:0.084581 70:0.084581 76:0.084581 82:0.084581 88:0.084581 94:0.084581 100:0.084581 106:0.084581 112:0.084581 118:0.084581 124:0.084581 130:0.000000 136:0.000000 142:0.000000 148:0.000000 154:0.000000 160:0.000000 166:0.000000 172:0.000000 178:0.000000 184:0.000000 190:0.000000 196:0.000000 202:0.000000 208:0.000000 214:0.000000 220:0.000000 226:0.000000 232:0.000000 238:0.000000 244:0.000000 250:0.000000 256:0.000000 262:0.000000 268:0.000000 274:0.000000 280:0.000000 286:0.000000 292:0.000000 298:0.000000 304:0.000000 310:0.000000 316:0.003118 322:0.003118 328:0.003118 334:0.003118 340:0.003118 346:0.003118 352:0.003118 358:0.003118 364:0.003118 370:0.003118 376:0.003118 382:0.003118 388:0.003118 394:0.003118 400:0.003118 406:0.003118 412:0.003118 418:0.003118 424:0.003118 430:0.003118 436:0.003118 442:0.003118 448:0.003118 454:0.003118 460:0.003118 466:0.003118 472:0.075829 478:0.075829 484:0.075829 490:0.075829 496:0.075829 502:0.075829 508:0.075829 514:0.075829 520:0.075829 526:0.075829 532:0.075829 538:0.075829 544:0.075829 550:0.075829 556:0.075829 562:0.075829 568:0.075829 574:0.075829 580:0.075829 586:0.075829 592:0.075829 598:0.075829 604:0.075829 610:0.075829 616:0.075829 622:0.075829 628:0.075829 634:0.063949 640:0.063949 646:0.063949 652:0.063949 658:0.063949 664:0.063949 670:0.063949 676:0.063949 682:0.063949 688:0.063949 694:0.063949 700:0.063949 706:0.063949 712:0.063949 718:0.063949 724:0.063949 730:0.063949 736:0.063949 742:0.063949 748:0.063949 754:0.063949 760:0.063949 766:0.063949 772:0.063949 778:0.063949 784:0.063949 790:0.063949 796:0.063949 802:0.063949 808:0.063949 814:0.063949 820:0.000000 826:0.000000 832:0.000000 838:0.000000 844:0.000000 850:0.000000 856:0.000000 862:0.000000 868:0.000000 874:0.000000 880:0.000000 886:0.000000 892:0.000000 898:0.000000 904:0.000000 910:0.000000 916:0.000000 922:0.000000 928:0.000000 934:0.000000 940:0.000000 946:0.000000 952:0.000000 958:0.000000 964:0.000000 970:0.000000 976:0.000000 982:0.000000 988:0.000000 994:0.000000 1000:0.023356
[*] pqc_client_5 <= plan: 5:0.084581 11:0.084581 17:0.084581 23:0.084581 29:0.084581 35:0.084581 41:0.084581 47:0.084581 53:0.084581 59:0.084581 65:0.084581 71:0.084581 77:0.084581 83:0.084581 89:0.084581 95:0.084581 101:0.084581 107:0.084581 113:0.084581 119:0.084581 125:0.084581 131:0.000000 137:0.000000 143:0.000000 149:0.000000 155:0.000000 161:0.000000 167:0.000000 173:0.000000 179:0.000000 185:0.000000 191:0.000000 197:0.000000 203:0.000000 209:0.000000 215:0.000000 221:0.000000 227:0.000000 233:0.000000 239:0.000000 245:0.000000 251:0.000000 257:0.000000 263:0.000000 269:0.000000 275:0.000000 281:0.000000 287:0.000000 293:0.000000 299:0.000000 305:0.000000 311:0.000000 317:0.003118 323:0.003118 329:0.003118 335:0.003118 341:0.003118 347:0.003118 353:0.003118 359:0.003118 365:0.003118 371:0.003118 377:0.003118 383:0.003118 389:0.003118 395:0.003118 401:0.003118 407:0.003118 413:0.003118 419:0.003118 425:0.003118 431:0.003118 437:0.003118 443:0.003118 449:0.003118 455:0.003118 461:0.003118 467:0.003118 473:0.075829 479:0.075829 485:0.075829 491:0.075829 497:0.075829 503:0.075829 509:0.075829 515:0.075829 521:0.075829 527:0.075829 533:0.075829 539:0.075829 545:0.075829 551:0.075829 557:0.075829 563:0.075829 569:0.075829 575:0.075829 581:0.075829 587:0.075829 593:0.075829 599:0.075829 605:0.075829 611:0.075829 617:0.075829 623:0.075829 629:0.075829 635:0.063949 641:0.063949 647:0.063949 653:0.063949 659:0.063949 665:0.063949 671:0.063949 677:0.063949 683:0.063949 689:0.063949 695:0.063949 701:0.063949 707:0.063949 713:0.063949 719:0.063949 725:0.063949 731:0.063949 737:0.063949 743:0.063949 749:0.063949 755:0.063949 761:0.063949 767:0.063949 773:0.063949 779:0.063949 785:0.063949 791:0.063949 797:0.063949 803:0.063949 809:0.063949 815:0.063949 821:0.000000 827:0.000000 833:0.000000 839:0.000000 845:0.000000 851:0.000000 857:0.000000 863:0.000000 869:0.000000 875:0.000000 881:0.000000 887:0.000000 893:0.000000 899:0.000000 905:0.000000 911:0.000000 917:0.000000 923:0.000000 929:0.000000 935:0.000000 941:0.000000 947:0.000000 953:0.000000 959:0.000000 965:0.000000 971:0.000000 977:0.000000 983:0.000000 989:0.000000 995:0.000000 1001:0.023356
[*] pqc_client_6 <= plan: 6:0.084581 12:0.084581 18:0.084581 24:0.084581 30:0.084581 36:0.084581 42:0.084581 48:0.084581 54:0.084581 60:0.084581 66:0.084581 72:0.084581 78:0.084581 84:0.084581 90:0.084581 96:0.084581 102:0.084581 108:0.084581 114:0.084581 120:0.084581 126:0.084581 132:0.000000 138:0.000000 144:0.000000 150:0.000000 156:0.000000 162:0.000000 168:0.000000 174:0.000000 180:0.000000 186:0.000000 192:0.000000 198:0.000000 204:0.000000 210:0.000000 216:0.000000 222:0.000000 228:0.000000 234:0.000000 240:0.000000 246:0.000000 252:0.000000 258:0.000000 264:0.000000 270:0.000000 276:0.000000 282:0.000000 288:0.000000 294:0.000000 300:0.000000 306:0.000000 312:0.000000 318:0.003118 324:0.003118 330:0.003118 336:0.003118 342:0.003118 348:0.003118 354:0.003118 360:0.003118 366:0.003118 372:0.003118 378:0.003118 384:0.003118 390:0.003118 396:0.003118 402:0.003118 408:0.003118 414:0.003118 420:0.003118 426:0.003118 432:0.003118 438:0.003118 444:0.003118 450:0.003118 456:0.003118 462:0.003118 468:0.003118 474:0.075829 480:0.075829 486:0.075829 492:0.075829 498:0.075829 504:0.075829 510:0.075829 516:0.075829 522:0.075829 528:0.075829 534:0.075829 540:0.075829 546:0.075829 552:0.075829 558:0.075829 564:0.075829 570:0.075829 576:0.075829 582:0.075829 588:0.075829 594:0.075829 600:0.075829 606:0.075829 612:0.075829 618:0.075829 624:0.075829 630:0.075829 636:0.063949 642:0.063949 648:0.063949 654:0.063949 660:0.063949 666:0.063949 672:0.063949 678:0.063949 684:0.063949 690:0.063949 696:0.063949 702:0.063949 708:0.063949 714:0.063949 720:0.063949 726:0.063949 732:0.063949 738:0.063949 744:0.063949 750:0.063949 756:0.063949 762:0.063949 768:0.063949 774:0.063949 780:0.063949 786:0.063949 792:0.063949 798:0.063949 804:0.063949 810:0.063949 816:0.063949 822:0.000000 828:0.000000 834:0.000000 840:0.000000 846:0.000000 852:0.000000 858:0.000000 864:0.000000 870:0.000000 876:0.000000 882:0.000000 888:0.000000 894:0.000000 900:0.000000 906:0.000000 912:0.000000 918:0.000000 924:0.000000 930:0.000000 936:0.000000 942:0.000000 948:0.000000 954:0.000000 960:0.000000 966:0.000000 972:0.000000 978:0.000000 984:0.000000 990:0.000000 996:0.000000 1002:0.023356
client=pqc_client total=167 ok=167 err=0
client=pqc_client_2 total=167 ok=167 err=0
client=pqc_client_3 total=167 ok=167 err=0
client=pqc_client_4 total=167 ok=167 err=0
client=pqc_client_5 total=167 ok=167 err=0
client=pqc_client_6 total=167 ok=167 err=0
[*] Resumen guardado en: results/classic_p0_balanced_001_resource_summary.txt
RUN_ID: classic_p0_balanced_001
CSV: results/classic_p0_balanced_001_docker_stats.csv

=== Resumen CPU% y MEM% (avg / max) por contenedor ===
pqc_client_2 -> CPU avg=13.00%, CPU max=70.92%, MEM avg=0.57%, MEM max=3.17%
pqc_client_3 -> CPU avg=19.39%, CPU max=116.04%, MEM avg=0.72%, MEM max=3.25%
pqc_monitor -> CPU avg=0.00%, CPU max=0.00%, MEM avg=0.10%, MEM max=0.10%
pqc_client_4 -> CPU avg=33.14%, CPU max=214.80%, MEM avg=0.88%, MEM max=3.46%
pqc_client_5 -> CPU avg=17.28%, CPU max=105.13%, MEM avg=0.82%, MEM max=3.44%
pqc_server -> CPU avg=11.79%, CPU max=52.25%, MEM avg=0.11%, MEM max=0.11%
pqc_client_6 -> CPU avg=22.02%, CPU max=140.29%, MEM avg=0.84%, MEM max=3.48%
pqc_client -> CPU avg=14.85%, CPU max=91.82%, MEM avg=0.73%, MEM max=2.83%
[ERROR] No se generó PCAP: pcaps/classic_p0_balanced_001.pcap
